// Jest Snapshot v1, https://goo.gl/fbAQLP

exports[`About component matches snapshot DOM node structure 1`] = `
<DocumentFragment>
  <section
    id="about-section"
  >
    <img
      alt="cover"
      class="cover-image"
      src="mountain2-min.jpg"
      style="width: 100%;"
    />
    <div
      class="container-fluid"
    >
      <div
        class="row"
        id="about-title"
      >
        <h2
          id="about"
        >
          Who Am I
        </h2>
      </div>
    </div>
    <div
      class="container"
      id="about-content"
    >
      <div
        class="row justify-content-lg-center"
      >
        <div
          class="col-lg-6"
          id="image-id"
        >
          <img
            alt="David hiking in fall"
            class="personal-photo"
            id="about-me-img"
            src="IMG_3529-min.jpg"
          />
        </div>
        <div
          class="col-lg-6"
          id="about-text"
        >
          <p />
        </div>
      </div>
    </div>
    <div
      class="row justify-content-center"
      id="about-title"
    >
      <h2
        id="about"
      >
        Skills
      </h2>
      <div
        class="row justify-content-center"
      >
        <div
          class="col col-lg-auto "
        >
          <span />
          <span />
          <span />
          <span />
          <span />
          <span />
          <span />
          <span />
          <span />
          <span />
          <span />
          <span />
          <span />
          <span />
          <span />
        </div>
      </div>
    </div>
  </section>
</DocumentFragment>
`;
