// Jest Snapshot v1, https://goo.gl/fbAQLP

exports[`Nav component matches snapshot 1`] = `
<DocumentFragment>
  <nav
    class="navbar"
    data-testid="navbar"
  >
    <div
      class="container-fluid navbar-expand-lg"
    >
      <a
        class="navbar-brand"
        data-testid="link"
        href="/"
      >
        <h1>
          David's Portfolio
        </h1>
      </a>
      <div
        class="d-flex"
      >
        <div
          class="navbar-nav"
        >
          <a
            class="nav-link active"
            data-testid="about"
            href="#about"
          >
            <h3>
              About Me
            </h3>
          </a>
          <a
            class="nav-link active"
            href="#work"
          >
            <h3>
              Work
            </h3>
          </a>
          <a
            class="nav-link active"
            href="#contact-me"
          >
            <h3>
              Contact
            </h3>
          </a>
          <a
            class="nav-link active"
            href="#resume"
          >
            <h3>
              Resume
            </h3>
          </a>
        </div>
      </div>
    </div>
  </nav>
</DocumentFragment>
`;
