// Jest Snapshot v1, https://goo.gl/fbAQLP

exports[`App component matches snapshot 1`] = `
<DocumentFragment>
  <div
    class="App"
  >
    <nav
      class="navbar"
      data-testid="navbar"
    >
      <div
        class="container-fluid navbar-expand-lg"
      >
        <a
          class="navbar-brand"
          data-testid="link"
          href="/"
        >
          <h1>
            David's Portfolio
          </h1>
        </a>
        <div
          class="d-flex"
        >
          <div
            class="navbar-nav"
          >
            <a
              class="nav-link active"
              data-testid="about"
              href="#about"
            >
              <h3>
                About Me
              </h3>
            </a>
            <a
              class="nav-link active"
              href="#work"
            >
              <h3>
                Work
              </h3>
            </a>
            <a
              class="nav-link active"
              href="#contact-me"
            >
              <h3>
                Contact
              </h3>
            </a>
            <a
              class="nav-link active"
              href="#resume"
            >
              <h3>
                Resume
              </h3>
            </a>
          </div>
        </div>
      </div>
    </nav>
    <section>
      <img
        alt="cover"
        class="cover-image"
        src="mountain2.jpg"
        style="width: 100%;"
      />
      <div
        class="row"
        id="about-title"
      >
        <h1
          id="about"
        >
          Who Am I
        </h1>
      </div>
      <div
        class="container"
      >
        <div
          class="row"
        >
          <div
            class="col-md-6"
          >
            <img
              alt="David hiking in fall"
              class="personal-photo"
              id="about-me-img"
              src="IMG_3529.jpg"
            />
          </div>
          <div
            class="col-md-6"
            id="about-text"
          >
            <p>
              Full stack web developer with several years of Business Analyst experience and a degree in Information Systems from the University of Utah.  Recently earned a certificate in full stack web development from the University of Utah. Skills in HTML, CSS, Javascript, and Node.js.  Always learning new technologies and improving to strive to create impactful web applications for end users.  My variety of previous experiences provide me with a unique perspective to know when and what questions to ask to ensure that applications provide the best results and utility for end users.
            </p>
          </div>
        </div>
      </div>
    </section>
  </div>
</DocumentFragment>
`;
